User: 696ceb16-15c0-416b-805d-83388d2ea8b0 Product: 66c1aa15-1d23-4a0b-a21a-14e8adddc130
node.exe : PrismaClientKnownRequestError: 
At line:1 char:1
+ & "C:\Program Files\nodejs/node.exe" "C:\Users\israk\AppData\Roaming\ ...
+ ~~~~~~~~~~~~~~~~~~~~~~~~~~~~~~~~~~~~~~~~~~~~~~~~~~~~~~~~~~~~~~~~~~~~~
    + CategoryInfo          : NotSpecified: (PrismaClientKnownRequestError: :String) [], RemoteException
    + FullyQualifiedErrorId : NativeCommandError
 
Invalid `prisma.wishlist.upsert()` invocation in
D:\MakeOver\backend\test_wishlist.ts:8:48

  5 const product = await prisma.product.findFirst();
  6 console.log('User:', user.id, 'Product:', product.id);
  7 
ΓåÆ 8 const wishlist = await prisma.wishlist.upsert(
The table `public.Wishlist` does not exist in the current database.
    at zr.handleRequestError (D:\MakeOver\backend\node_modules\@prisma\client\src\runtime\RequestHandler.ts:237:13)
    at zr.handleAndLogRequestError 
(D:\MakeOver\backend\node_modules\@prisma\client\src\runtime\RequestHandler.ts:183:12)
    at zr.request (D:\MakeOver\backend\node_modules\@prisma\client\src\runtime\RequestHandler.ts:152:12)
    at processTicksAndRejections (node:internal/process/task_queues:104:5)
    at async a (D:\MakeOver\backend\node_modules\@prisma\client\src\runtime\getPrismaClient.ts:963:24) {
  code: 'P2021',
  meta: {
    modelName: 'Wishlist',
    driverAdapterError: DriverAdapterError: TableDoesNotExist
        at PgTransaction.onError (D:\MakeOver\backend\node_modules\@prisma\adapter-pg\dist\index.js:678:11)
        at PgTransaction.performIO (D:\MakeOver\backend\node_modules\@prisma\adapter-pg\dist\index.js:673:12)
        at processTicksAndRejections (node:internal/process/task_queues:104:5)
        at async PgTransaction.queryRaw (D:\MakeOver\backend\node_modules\@prisma\adapter-pg\dist\index.js:604:30)
        at async e.interpretNode 
(D:\MakeOver\backend\node_modules\@prisma\client-engine-runtime\src\interpreter\query-interpreter.ts:186:26)
        at async e.interpretNode 
(D:\MakeOver\backend\node_modules\@prisma\client-engine-runtime\src\interpreter\query-interpreter.ts:128:29)
        at async e.interpretNode 
(D:\MakeOver\backend\node_modules\@prisma\client-engine-runtime\src\interpreter\query-interpreter.ts:272:41)
        at async e.interpretNode 
(D:\MakeOver\backend\node_modules\@prisma\client-engine-runtime\src\interpreter\query-interpreter.ts:262:25)
        at async e.run 
(D:\MakeOver\backend\node_modules\@prisma\client-engine-runtime\src\interpreter\query-interpreter.ts:94:23)
        at async execute 
(D:\MakeOver\backend\node_modules\@prisma\client\src\runtime\core\engines\client\LocalExecutor.ts:81:12) {
      cause: [Object]
    }
  },
  clientVersion: '7.8.0'
}
